
[2026-08-13T14:08:08.724Z] - FETCH-PRODUCTS ==================
URL: GET https://fakestoreapi.noksha.dev/api/products
INPUT: null
OUTPUT: [
  {
    "_id": 1,
    "title": "Long sleeve Jacket",
    "isNew": true,
    "oldPrice": "200",
    "price": 150,
    "discountedPrice": 135,
    "description": "Lorem ipsum dolor sit amet, consectetur adipisicing elit. Nulla non magni facili blanditiis molestias soluta eveniet illum accusantium eius mollitia eligendi, ex iste doloribus magnam.",
    "category": "women",
    "type": "jacket",
    "stock": 50,
    "brand": "FashionTrend",
    "size": [
      "S",
      "M",
      "L"
    ],
    "image": "https://images.pexels.com/photos/2584269/pexels-photo-2584269.jpeg",
    "rating": 4
  },
  {
    "_id": 2,
    "title": "Jacket with wollen hat",
    "isNew": true,
    "oldPrice": "70",
    "price": 65,
    "discountedPrice": 58.5,
    "description": "Lorem ipsum dolor sit amet, consectetur adipisicing elit. Nulla non magni facili blanditiis molestias soluta eveniet illum accusantium eius mollitia eligendi, ex iste doloribus magnam.",
    "category": "women",
    "type": "jacket",
    "stock": 30,
    "brand": "CozyWear",
    "size": [
      "M",
      "L",
      "XL"
    ],
    "image": "https://images.pexels.com/photos/2681751/pexels-photo-2681751.jpeg",
    "rating": 3
  },
  {
    "_id": 3,
    "title": "Compact fashion t-shirt",
    "isNew": true,
    "oldPrice": "70",
    "price": 55.99,
    "discountedPrice": 50.39,
    "description": "Lorem ipsumドル sit amet, consectetur adipisicing elit. Nulla non magni facili blanditiis molestias soluta eveniet illum accusantium eius mollitia eligendi, ex iste doloribus magnam.",
    "category": "women",
    "type": "t-shirt",
    "stock": 100,
    "brand": "TrendyTees",
    "size": [
      "XS",
      "S",
      "M",
      "L"
    ],
    "image": "https://images.pexels.com/photos/2752045/pexels-photo-2752045.jpeg",
    "rating": 3
  },
  {
    "_id": 4,
    "title": "Blue jins",
    "isNew": true,
    "oldPrice": "70",
    "price": 50,
    "discountedPrice": 45,
    "description": "Lorem ipsum dolor sit amet, consectetur adipisicing elit. Nulla non magni facili blanditiis molestias soluta eveniet illum accusantium eius mollitia eligendi, ex iste doloribus magnam.",
    "category": "women",
    "type": "jeans",
    "stock": 75,
    "brand": "DenimCo",
    "size": [
      "28",
      "30",
      "32",
      "34"
    ],
    "image": "https://images.pexels.com/photos/1485031/pexels-photo-1485031.jpeg",
    "rating": 3
  },
  {
    "_id": 5,
    "title": "Skirts with full setup",
    "isNew": true,
    "oldPrice": "800",
    "price": 695,
    "discountedPrice": 625.5,
    "description": "Lorem ipsum dolor sit amet, consectetur adipisicing elit. Nulla non magni facili blanditiis molestias soluta eveniet illum accusantium eius mollitia eligendi, ex iste doloribus magnam.",
    "category": "women",
    "type": "skirt set",
    "stock": 20,
    "brand": "ElegantWear",
    "size": [
      "S",
      "M"
    ],
    "image": "https://images.pexels.com/photos/1631181/pexels-photo-1631181.jpeg",
    "rating": 5
  }
]
==================================================

[2026-08-13T14:08:10.809Z] - PRODUCT-CREATE ==================
URL: POST https://app-testing-subscription.myshopify.com/admin/api/2025-01/graphql.json
INPUT: {
  "title": "Long sleeve Jacket",
  "descriptionHtml": "Lorem ipsum dolor sit amet, consectetur adipisicing elit. Nulla non magni facili blanditiis molestias soluta eveniet illum accusantium eius mollitia eligendi, ex iste doloribus magnam.",
  "vendor": "FashionTrend",
  "files": [
    {
      "contentType": "IMAGE",
      "originalSource": "https://images.pexels.com/photos/2584269/pexels-photo-2584269.jpeg"
    }
  ],
  "productOptions": [
    {
      "name": "Size",
      "values": [
        {
          "name": "S"
        },
        {
          "name": "M"
        },
        {
          "name": "L"
        }
      ]
    }
  ],
  "variants": [
    {
      "optionValues": [
        {
          "name": "S",
          "optionName": "Size"
        }
      ],
      "price": "150",
      "inventoryQuantities": [
        {
          "locationId": "gid://shopify/Location/108635062643",
          "name": "available",
          "quantity": 16
        }
      ]
    },
    {
      "optionValues": [
        {
          "name": "M",
          "optionName": "Size"
        }
      ],
      "price": "150",
      "inventoryQuantities": [
        {
          "locationId": "gid://shopify/Location/108635062643",
          "name": "available",
          "quantity": 16
        }
      ]
    },
    {
      "optionValues": [
        {
          "name": "L",
          "optionName": "Size"
        }
      ],
      "price": "150",
      "inventoryQuantities": [
        {
          "locationId": "gid://shopify/Location/108635062643",
          "name": "available",
          "quantity": 16
        }
      ]
    }
  ]
}
OUTPUT: {
  "productSet": {
    "product": {
      "id": "gid://shopify/Product/15493357175155"
    },
    "userErrors": []
  }
}
==================================================

[2026-08-13T14:08:12.159Z] - PRODUCT-CREATE ==================
URL: POST https://app-testing-subscription.myshopify.com/admin/api/2025-01/graphql.json
INPUT: {
  "title": "Jacket with wollen hat",
  "descriptionHtml": "Lorem ipsum dolor sit amet, consectetur adipisicing elit. Nulla non magni facili blanditiis molestias soluta eveniet illum accusantium eius mollitia eligendi, ex iste doloribus magnam.",
  "vendor": "CozyWear",
  "files": [
    {
      "contentType": "IMAGE",
      "originalSource": "https://images.pexels.com/photos/2681751/pexels-photo-2681751.jpeg"
    }
  ],
  "productOptions": [
    {
      "name": "Size",
      "values": [
        {
          "name": "M"
        },
        {
          "name": "L"
        },
        {
          "name": "XL"
        }
      ]
    }
  ],
  "variants": [
    {
      "optionValues": [
        {
          "name": "M",
          "optionName": "Size"
        }
      ],
      "price": "65",
      "inventoryQuantities": [
        {
          "locationId": "gid://shopify/Location/108635062643",
          "name": "available",
          "quantity": 10
        }
      ]
    },
    {
      "optionValues": [
        {
          "name": "L",
          "optionName": "Size"
        }
      ],
      "price": "65",
      "inventoryQuantities": [
        {
          "locationId": "gid://shopify/Location/108635062643",
          "name": "available",
          "quantity": 10
        }
      ]
    },
    {
      "optionValues": [
        {
          "name": "XL",
          "optionName": "Size"
        }
      ],
      "price": "65",
      "inventoryQuantities": [
        {
          "locationId": "gid://shopify/Location/108635062643",
          "name": "available",
          "quantity": 10
        }
      ]
    }
  ]
}
OUTPUT: {
  "productSet": {
    "product": {
      "id": "gid://shopify/Product/15493357207923"
    },
    "userErrors": []
  }
}
==================================================

[2026-08-13T14:08:13.608Z] - PRODUCT-CREATE ==================
URL: POST https://app-testing-subscription.myshopify.com/admin/api/2025-01/graphql.json
INPUT: {
  "title": "Compact fashion t-shirt",
  "descriptionHtml": "Lorem ipsumドル sit amet, consectetur adipisicing elit. Nulla non magni facili blanditiis molestias soluta eveniet illum accusantium eius mollitia eligendi, ex iste doloribus magnam.",
  "vendor": "TrendyTees",
  "files": [
    {
      "contentType": "IMAGE",
      "originalSource": "https://images.pexels.com/photos/2752045/pexels-photo-2752045.jpeg"
    }
  ],
  "productOptions": [
    {
      "name": "Size",
      "values": [
        {
          "name": "XS"
        },
        {
          "name": "S"
        },
        {
          "name": "M"
        },
        {
          "name": "L"
        }
      ]
    }
  ],
  "variants": [
    {
      "optionValues": [
        {
          "name": "XS",
          "optionName": "Size"
        }
      ],
      "price": "55.99",
      "inventoryQuantities": [
        {
          "locationId": "gid://shopify/Location/108635062643",
          "name": "available",
          "quantity": 25
        }
      ]
    },
    {
      "optionValues": [
        {
          "name": "S",
          "optionName": "Size"
        }
      ],
      "price": "55.99",
      "inventoryQuantities": [
        {
          "locationId": "gid://shopify/Location/108635062643",
          "name": "available",
          "quantity": 25
        }
      ]
    },
    {
      "optionValues": [
        {
          "name": "M",
          "optionName": "Size"
        }
      ],
      "price": "55.99",
      "inventoryQuantities": [
        {
          "locationId": "gid://shopify/Location/108635062643",
          "name": "available",
          "quantity": 25
        }
      ]
    },
    {
      "optionValues": [
        {
          "name": "L",
          "optionName": "Size"
        }
      ],
      "price": "55.99",
      "inventoryQuantities": [
        {
          "locationId": "gid://shopify/Location/108635062643",
          "name": "available",
          "quantity": 25
        }
      ]
    }
  ]
}
OUTPUT: {
  "productSet": {
    "product": {
      "id": "gid://shopify/Product/15493357273459"
    },
    "userErrors": []
  }
}
==================================================

[2026-08-13T14:08:15.129Z] - PRODUCT-CREATE ==================
URL: POST https://app-testing-subscription.myshopify.com/admin/api/2025-01/graphql.json
INPUT: {
  "title": "Blue jins",
  "descriptionHtml": "Lorem ipsum dolor sit amet, consectetur adipisicing elit. Nulla non magni facili blanditiis molestias soluta eveniet illum accusantium eius mollitia eligendi, ex iste doloribus magnam.",
  "vendor": "DenimCo",
  "files": [
    {
      "contentType": "IMAGE",
      "originalSource": "https://images.pexels.com/photos/1485031/pexels-photo-1485031.jpeg"
    }
  ],
  "productOptions": [
    {
      "name": "Size",
      "values": [
        {
          "name": "28"
        },
        {
          "name": "30"
        },
        {
          "name": "32"
        },
        {
          "name": "34"
        }
      ]
    }
  ],
  "variants": [
    {
      "optionValues": [
        {
          "name": "28",
          "optionName": "Size"
        }
      ],
      "price": "50",
      "inventoryQuantities": [
        {
          "locationId": "gid://shopify/Location/108635062643",
          "name": "available",
          "quantity": 18
        }
      ]
    },
    {
      "optionValues": [
        {
          "name": "30",
          "optionName": "Size"
        }
      ],
      "price": "50",
      "inventoryQuantities": [
        {
          "locationId": "gid://shopify/Location/108635062643",
          "name": "available",
          "quantity": 18
        }
      ]
    },
    {
      "optionValues": [
        {
          "name": "32",
          "optionName": "Size"
        }
      ],
      "price": "50",
      "inventoryQuantities": [
        {
          "locationId": "gid://shopify/Location/108635062643",
          "name": "available",
          "quantity": 18
        }
      ]
    },
    {
      "optionValues": [
        {
          "name": "34",
          "optionName": "Size"
        }
      ],
      "price": "50",
      "inventoryQuantities": [
        {
          "locationId": "gid://shopify/Location/108635062643",
          "name": "available",
          "quantity": 18
        }
      ]
    }
  ]
}
OUTPUT: {
  "productSet": {
    "product": {
      "id": "gid://shopify/Product/15493357404531"
    },
    "userErrors": []
  }
}
==================================================

[2026-08-13T14:08:16.611Z] - PRODUCT-CREATE ==================
URL: POST https://app-testing-subscription.myshopify.com/admin/api/2025-01/graphql.json
INPUT: {
  "title": "Skirts with full setup",
  "descriptionHtml": "Lorem ipsum dolor sit amet, consectetur adipisicing elit. Nulla non magni facili blanditiis molestias soluta eveniet illum accusantium eius mollitia eligendi, ex iste doloribus magnam.",
  "vendor": "ElegantWear",
  "files": [
    {
      "contentType": "IMAGE",
      "originalSource": "https://images.pexels.com/photos/1631181/pexels-photo-1631181.jpeg"
    }
  ],
  "productOptions": [
    {
      "name": "Size",
      "values": [
        {
          "name": "S"
        },
        {
          "name": "M"
        }
      ]
    }
  ],
  "variants": [
    {
      "optionValues": [
        {
          "name": "S",
          "optionName": "Size"
        }
      ],
      "price": "695",
      "inventoryQuantities": [
        {
          "locationId": "gid://shopify/Location/108635062643",
          "name": "available",
          "quantity": 10
        }
      ]
    },
    {
      "optionValues": [
        {
          "name": "M",
          "optionName": "Size"
        }
      ],
      "price": "695",
      "inventoryQuantities": [
        {
          "locationId": "gid://shopify/Location/108635062643",
          "name": "available",
          "quantity": 10
        }
      ]
    }
  ]
}
OUTPUT: {
  "productSet": {
    "product": {
      "id": "gid://shopify/Product/15493357568371"
    },
    "userErrors": []
  }
}
==================================================

[2026-08-13T14:11:56.227Z] - FETCH-PRODUCTS ==================
URL: GET https://fakestoreapi.noksha.dev/api/products
INPUT: null
OUTPUT: [
  {
    "_id": 1,
    "title": "Long sleeve Jacket",
    "isNew": true,
    "oldPrice": "200",
    "price": 150,
    "discountedPrice": 135,
    "description": "Lorem ipsum dolor sit amet, consectetur adipisicing elit. Nulla non magni facili blanditiis molestias soluta eveniet illum accusantium eius mollitia eligendi, ex iste doloribus magnam.",
    "category": "women",
    "type": "jacket",
    "stock": 50,
    "brand": "FashionTrend",
    "size": [
      "S",
      "M",
      "L"
    ],
    "image": "https://images.pexels.com/photos/2584269/pexels-photo-2584269.jpeg",
    "rating": 4
  },
  {
    "_id": 2,
    "title": "Jacket with wollen hat",
    "isNew": true,
    "oldPrice": "70",
    "price": 65,
    "discountedPrice": 58.5,
    "description": "Lorem ipsum dolor sit amet, consectetur adipisicing elit. Nulla non magni facili blanditiis molestias soluta eveniet illum accusantium eius mollitia eligendi, ex iste doloribus magnam.",
    "category": "women",
    "type": "jacket",
    "stock": 30,
    "brand": "CozyWear",
    "size": [
      "M",
      "L",
      "XL"
    ],
    "image": "https://images.pexels.com/photos/2681751/pexels-photo-2681751.jpeg",
    "rating": 3
  },
  {
    "_id": 3,
    "title": "Compact fashion t-shirt",
    "isNew": true,
    "oldPrice": "70",
    "price": 55.99,
    "discountedPrice": 50.39,
    "description": "Lorem ipsumドル sit amet, consectetur adipisicing elit. Nulla non magni facili blanditiis molestias soluta eveniet illum accusantium eius mollitia eligendi, ex iste doloribus magnam.",
    "category": "women",
    "type": "t-shirt",
    "stock": 100,
    "brand": "TrendyTees",
    "size": [
      "XS",
      "S",
      "M",
      "L"
    ],
    "image": "https://images.pexels.com/photos/2752045/pexels-photo-2752045.jpeg",
    "rating": 3
  },
  {
    "_id": 4,
    "title": "Blue jins",
    "isNew": true,
    "oldPrice": "70",
    "price": 50,
    "discountedPrice": 45,
    "description": "Lorem ipsum dolor sit amet, consectetur adipisicing elit. Nulla non magni facili blanditiis molestias soluta eveniet illum accusantium eius mollitia eligendi, ex iste doloribus magnam.",
    "category": "women",
    "type": "jeans",
    "stock": 75,
    "brand": "DenimCo",
    "size": [
      "28",
      "30",
      "32",
      "34"
    ],
    "image": "https://images.pexels.com/photos/1485031/pexels-photo-1485031.jpeg",
    "rating": 3
  },
  {
    "_id": 5,
    "title": "Skirts with full setup",
    "isNew": true,
    "oldPrice": "800",
    "price": 695,
    "discountedPrice": 625.5,
    "description": "Lorem ipsum dolor sit amet, consectetur adipisicing elit. Nulla non magni facili blanditiis molestias soluta eveniet illum accusantium eius mollitia eligendi, ex iste doloribus magnam.",
    "category": "women",
    "type": "skirt set",
    "stock": 20,
    "brand": "ElegantWear",
    "size": [
      "S",
      "M"
    ],
    "image": "https://images.pexels.com/photos/1631181/pexels-photo-1631181.jpeg",
    "rating": 5
  }
]
==================================================

[2026-08-13T14:11:58.760Z] - PRODUCT-CREATE ==================
URL: POST https://app-testing-subscription.myshopify.com/admin/api/2025-01/graphql.json
INPUT: {
  "title": "Long sleeve Jacket",
  "descriptionHtml": "Lorem ipsum dolor sit amet, consectetur adipisicing elit. Nulla non magni facili blanditiis molestias soluta eveniet illum accusantium eius mollitia eligendi, ex iste doloribus magnam.",
  "vendor": "FashionTrend",
  "files": [
    {
      "contentType": "IMAGE",
      "originalSource": "https://images.pexels.com/photos/2584269/pexels-photo-2584269.jpeg"
    }
  ],
  "productOptions": [
    {
      "name": "Size",
      "values": [
        {
          "name": "S"
        },
        {
          "name": "M"
        },
        {
          "name": "L"
        }
      ]
    }
  ],
  "variants": [
    {
      "optionValues": [
        {
          "name": "S",
          "optionName": "Size"
        }
      ],
      "price": "150",
      "inventoryQuantities": [
        {
          "locationId": "gid://shopify/Location/108635062643",
          "name": "available",
          "quantity": 5
        },
        {
          "locationId": "gid://shopify/Location/107574395251",
          "name": "available",
          "quantity": 5
        },
        {
          "locationId": "gid://shopify/Location/107574362483",
          "name": "available",
          "quantity": 5
        }
      ]
    },
    {
      "optionValues": [
        {
          "name": "M",
          "optionName": "Size"
        }
      ],
      "price": "150",
      "inventoryQuantities": [
        {
          "locationId": "gid://shopify/Location/108635062643",
          "name": "available",
          "quantity": 5
        },
        {
          "locationId": "gid://shopify/Location/107574395251",
          "name": "available",
          "quantity": 5
        },
        {
          "locationId": "gid://shopify/Location/107574362483",
          "name": "available",
          "quantity": 5
        }
      ]
    },
    {
      "optionValues": [
        {
          "name": "L",
          "optionName": "Size"
        }
      ],
      "price": "150",
      "inventoryQuantities": [
        {
          "locationId": "gid://shopify/Location/108635062643",
          "name": "available",
          "quantity": 5
        },
        {
          "locationId": "gid://shopify/Location/107574395251",
          "name": "available",
          "quantity": 5
        },
        {
          "locationId": "gid://shopify/Location/107574362483",
          "name": "available",
          "quantity": 5
        }
      ]
    }
  ]
}
OUTPUT: {
  "productSet": {
    "product": {
      "id": "gid://shopify/Product/15493362876787"
    },
    "userErrors": []
  }
}
==================================================

[2026-08-13T14:12:00.242Z] - PRODUCT-CREATE ==================
URL: POST https://app-testing-subscription.myshopify.com/admin/api/2025-01/graphql.json
INPUT: {
  "title": "Jacket with wollen hat",
  "descriptionHtml": "Lorem ipsum dolor sit amet, consectetur adipisicing elit. Nulla non magni facili blanditiis molestias soluta eveniet illum accusantium eius mollitia eligendi, ex iste doloribus magnam.",
  "vendor": "CozyWear",
  "files": [
    {
      "contentType": "IMAGE",
      "originalSource": "https://images.pexels.com/photos/2681751/pexels-photo-2681751.jpeg"
    }
  ],
  "productOptions": [
    {
      "name": "Size",
      "values": [
        {
          "name": "M"
        },
        {
          "name": "L"
        },
        {
          "name": "XL"
        }
      ]
    }
  ],
  "variants": [
    {
      "optionValues": [
        {
          "name": "M",
          "optionName": "Size"
        }
      ],
      "price": "65",
      "inventoryQuantities": [
        {
          "locationId": "gid://shopify/Location/108635062643",
          "name": "available",
          "quantity": 3
        },
        {
          "locationId": "gid://shopify/Location/107574395251",
          "name": "available",
          "quantity": 3
        },
        {
          "locationId": "gid://shopify/Location/107574362483",
          "name": "available",
          "quantity": 3
        }
      ]
    },
    {
      "optionValues": [
        {
          "name": "L",
          "optionName": "Size"
        }
      ],
      "price": "65",
      "inventoryQuantities": [
        {
          "locationId": "gid://shopify/Location/108635062643",
          "name": "available",
          "quantity": 3
        },
        {
          "locationId": "gid://shopify/Location/107574395251",
          "name": "available",
          "quantity": 3
        },
        {
          "locationId": "gid://shopify/Location/107574362483",
          "name": "available",
          "quantity": 3
        }
      ]
    },
    {
      "optionValues": [
        {
          "name": "XL",
          "optionName": "Size"
        }
      ],
      "price": "65",
      "inventoryQuantities": [
        {
          "locationId": "gid://shopify/Location/108635062643",
          "name": "available",
          "quantity": 3
        },
        {
          "locationId": "gid://shopify/Location/107574395251",
          "name": "available",
          "quantity": 3
        },
        {
          "locationId": "gid://shopify/Location/107574362483",
          "name": "available",
          "quantity": 3
        }
      ]
    }
  ]
}
OUTPUT: {
  "productSet": {
    "product": {
      "id": "gid://shopify/Product/15493362942323"
    },
    "userErrors": []
  }
}
==================================================

[2026-08-13T14:12:01.896Z] - PRODUCT-CREATE ==================
URL: POST https://app-testing-subscription.myshopify.com/admin/api/2025-01/graphql.json
INPUT: {
  "title": "Compact fashion t-shirt",
  "descriptionHtml": "Lorem ipsumドル sit amet, consectetur adipisicing elit. Nulla non magni facili blanditiis molestias soluta eveniet illum accusantium eius mollitia eligendi, ex iste doloribus magnam.",
  "vendor": "TrendyTees",
  "files": [
    {
      "contentType": "IMAGE",
      "originalSource": "https://images.pexels.com/photos/2752045/pexels-photo-2752045.jpeg"
    }
  ],
  "productOptions": [
    {
      "name": "Size",
      "values": [
        {
          "name": "XS"
        },
        {
          "name": "S"
        },
        {
          "name": "M"
        },
        {
          "name": "L"
        }
      ]
    }
  ],
  "variants": [
    {
      "optionValues": [
        {
          "name": "XS",
          "optionName": "Size"
        }
      ],
      "price": "55.99",
      "inventoryQuantities": [
        {
          "locationId": "gid://shopify/Location/108635062643",
          "name": "available",
          "quantity": 8
        },
        {
          "locationId": "gid://shopify/Location/107574395251",
          "name": "available",
          "quantity": 8
        },
        {
          "locationId": "gid://shopify/Location/107574362483",
          "name": "available",
          "quantity": 8
        }
      ]
    },
    {
      "optionValues": [
        {
          "name": "S",
          "optionName": "Size"
        }
      ],
      "price": "55.99",
      "inventoryQuantities": [
        {
          "locationId": "gid://shopify/Location/108635062643",
          "name": "available",
          "quantity": 8
        },
        {
          "locationId": "gid://shopify/Location/107574395251",
          "name": "available",
          "quantity": 8
        },
        {
          "locationId": "gid://shopify/Location/107574362483",
          "name": "available",
          "quantity": 8
        }
      ]
    },
    {
      "optionValues": [
        {
          "name": "M",
          "optionName": "Size"
        }
      ],
      "price": "55.99",
      "inventoryQuantities": [
        {
          "locationId": "gid://shopify/Location/108635062643",
          "name": "available",
          "quantity": 8
        },
        {
          "locationId": "gid://shopify/Location/107574395251",
          "name": "available",
          "quantity": 8
        },
        {
          "locationId": "gid://shopify/Location/107574362483",
          "name": "available",
          "quantity": 8
        }
      ]
    },
    {
      "optionValues": [
        {
          "name": "L",
          "optionName": "Size"
        }
      ],
      "price": "55.99",
      "inventoryQuantities": [
        {
          "locationId": "gid://shopify/Location/108635062643",
          "name": "available",
          "quantity": 8
        },
        {
          "locationId": "gid://shopify/Location/107574395251",
          "name": "available",
          "quantity": 8
        },
        {
          "locationId": "gid://shopify/Location/107574362483",
          "name": "available",
          "quantity": 8
        }
      ]
    }
  ]
}
OUTPUT: {
  "productSet": {
    "product": {
      "id": "gid://shopify/Product/15493362975091"
    },
    "userErrors": []
  }
}
==================================================

[2026-08-13T14:12:03.370Z] - PRODUCT-CREATE ==================
URL: POST https://app-testing-subscription.myshopify.com/admin/api/2025-01/graphql.json
INPUT: {
  "title": "Blue jins",
  "descriptionHtml": "Lorem ipsum dolor sit amet, consectetur adipisicing elit. Nulla non magni facili blanditiis molestias soluta eveniet illum accusantium eius mollitia eligendi, ex iste doloribus magnam.",
  "vendor": "DenimCo",
  "files": [
    {
      "contentType": "IMAGE",
      "originalSource": "https://images.pexels.com/photos/1485031/pexels-photo-1485031.jpeg"
    }
  ],
  "productOptions": [
    {
      "name": "Size",
      "values": [
        {
          "name": "28"
        },
        {
          "name": "30"
        },
        {
          "name": "32"
        },
        {
          "name": "34"
        }
      ]
    }
  ],
  "variants": [
    {
      "optionValues": [
        {
          "name": "28",
          "optionName": "Size"
        }
      ],
      "price": "50",
      "inventoryQuantities": [
        {
          "locationId": "gid://shopify/Location/108635062643",
          "name": "available",
          "quantity": 6
        },
        {
          "locationId": "gid://shopify/Location/107574395251",
          "name": "available",
          "quantity": 6
        },
        {
          "locationId": "gid://shopify/Location/107574362483",
          "name": "available",
          "quantity": 6
        }
      ]
    },
    {
      "optionValues": [
        {
          "name": "30",
          "optionName": "Size"
        }
      ],
      "price": "50",
      "inventoryQuantities": [
        {
          "locationId": "gid://shopify/Location/108635062643",
          "name": "available",
          "quantity": 6
        },
        {
          "locationId": "gid://shopify/Location/107574395251",
          "name": "available",
          "quantity": 6
        },
        {
          "locationId": "gid://shopify/Location/107574362483",
          "name": "available",
          "quantity": 6
        }
      ]
    },
    {
      "optionValues": [
        {
          "name": "32",
          "optionName": "Size"
        }
      ],
      "price": "50",
      "inventoryQuantities": [
        {
          "locationId": "gid://shopify/Location/108635062643",
          "name": "available",
          "quantity": 6
        },
        {
          "locationId": "gid://shopify/Location/107574395251",
          "name": "available",
          "quantity": 6
        },
        {
          "locationId": "gid://shopify/Location/107574362483",
          "name": "available",
          "quantity": 6
        }
      ]
    },
    {
      "optionValues": [
        {
          "name": "34",
          "optionName": "Size"
        }
      ],
      "price": "50",
      "inventoryQuantities": [
        {
          "locationId": "gid://shopify/Location/108635062643",
          "name": "available",
          "quantity": 6
        },
        {
          "locationId": "gid://shopify/Location/107574395251",
          "name": "available",
          "quantity": 6
        },
        {
          "locationId": "gid://shopify/Location/107574362483",
          "name": "available",
          "quantity": 6
        }
      ]
    }
  ]
}
OUTPUT: {
  "productSet": {
    "product": {
      "id": "gid://shopify/Product/15493363007859"
    },
    "userErrors": []
  }
}
==================================================

[2026-08-13T14:12:04.963Z] - PRODUCT-CREATE ==================
URL: POST https://app-testing-subscription.myshopify.com/admin/api/2025-01/graphql.json
INPUT: {
  "title": "Skirts with full setup",
  "descriptionHtml": "Lorem ipsum dolor sit amet, consectetur adipisicing elit. Nulla non magni facili blanditiis molestias soluta eveniet illum accusantium eius mollitia eligendi, ex iste doloribus magnam.",
  "vendor": "ElegantWear",
  "files": [
    {
      "contentType": "IMAGE",
      "originalSource": "https://images.pexels.com/photos/1631181/pexels-photo-1631181.jpeg"
    }
  ],
  "productOptions": [
    {
      "name": "Size",
      "values": [
        {
          "name": "S"
        },
        {
          "name": "M"
        }
      ]
    }
  ],
  "variants": [
    {
      "optionValues": [
        {
          "name": "S",
          "optionName": "Size"
        }
      ],
      "price": "695",
      "inventoryQuantities": [
        {
          "locationId": "gid://shopify/Location/108635062643",
          "name": "available",
          "quantity": 3
        },
        {
          "locationId": "gid://shopify/Location/107574395251",
          "name": "available",
          "quantity": 3
        },
        {
          "locationId": "gid://shopify/Location/107574362483",
          "name": "available",
          "quantity": 3
        }
      ]
    },
    {
      "optionValues": [
        {
          "name": "M",
          "optionName": "Size"
        }
      ],
      "price": "695",
      "inventoryQuantities": [
        {
          "locationId": "gid://shopify/Location/108635062643",
          "name": "available",
          "quantity": 3
        },
        {
          "locationId": "gid://shopify/Location/107574395251",
          "name": "available",
          "quantity": 3
        },
        {
          "locationId": "gid://shopify/Location/107574362483",
          "name": "available",
          "quantity": 3
        }
      ]
    }
  ]
}
OUTPUT: {
  "productSet": {
    "product": {
      "id": "gid://shopify/Product/15493363040627"
    },
    "userErrors": []
  }
}
==================================================

[2026-08-13T14:36:19.275Z] - FETCH-PRODUCTS ==================
URL: GET https://fakestoreapi.noksha.dev/api/products
INPUT: null
OUTPUT: [
  {
    "_id": 1,
    "title": "Long sleeve Jacket",
    "isNew": true,
    "oldPrice": "200",
    "price": 150,
    "discountedPrice": 135,
    "description": "Lorem ipsum dolor sit amet, consectetur adipisicing elit. Nulla non magni facili blanditiis molestias soluta eveniet illum accusantium eius mollitia eligendi, ex iste doloribus magnam.",
    "category": "women",
    "type": "jacket",
    "stock": 50,
    "brand": "FashionTrend",
    "size": [
      "S",
      "M",
      "L"
    ],
    "image": "https://images.pexels.com/photos/2584269/pexels-photo-2584269.jpeg",
    "rating": 4
  },
  {
    "_id": 2,
    "title": "Jacket with wollen hat",
    "isNew": true,
    "oldPrice": "70",
    "price": 65,
    "discountedPrice": 58.5,
    "description": "Lorem ipsum dolor sit amet, consectetur adipisicing elit. Nulla non magni facili blanditiis molestias soluta eveniet illum accusantium eius mollitia eligendi, ex iste doloribus magnam.",
    "category": "women",
    "type": "jacket",
    "stock": 30,
    "brand": "CozyWear",
    "size": [
      "M",
      "L",
      "XL"
    ],
    "image": "https://images.pexels.com/photos/2681751/pexels-photo-2681751.jpeg",
    "rating": 3
  },
  {
    "_id": 3,
    "title": "Compact fashion t-shirt",
    "isNew": true,
    "oldPrice": "70",
    "price": 55.99,
    "discountedPrice": 50.39,
    "description": "Lorem ipsumドル sit amet, consectetur adipisicing elit. Nulla non magni facili blanditiis molestias soluta eveniet illum accusantium eius mollitia eligendi, ex iste doloribus magnam.",
    "category": "women",
    "type": "t-shirt",
    "stock": 100,
    "brand": "TrendyTees",
    "size": [
      "XS",
      "S",
      "M",
      "L"
    ],
    "image": "https://images.pexels.com/photos/2752045/pexels-photo-2752045.jpeg",
    "rating": 3
  },
  {
    "_id": 4,
    "title": "Blue jins",
    "isNew": true,
    "oldPrice": "70",
    "price": 50,
    "discountedPrice": 45,
    "description": "Lorem ipsum dolor sit amet, consectetur adipisicing elit. Nulla non magni facili blanditiis molestias soluta eveniet illum accusantium eius mollitia eligendi, ex iste doloribus magnam.",
    "category": "women",
    "type": "jeans",
    "stock": 75,
    "brand": "DenimCo",
    "size": [
      "28",
      "30",
      "32",
      "34"
    ],
    "image": "https://images.pexels.com/photos/1485031/pexels-photo-1485031.jpeg",
    "rating": 3
  },
  {
    "_id": 5,
    "title": "Skirts with full setup",
    "isNew": true,
    "oldPrice": "800",
    "price": 695,
    "discountedPrice": 625.5,
    "description": "Lorem ipsum dolor sit amet, consectetur adipisicing elit. Nulla non magni facili blanditiis molestias soluta eveniet illum accusantium eius mollitia eligendi, ex iste doloribus magnam.",
    "category": "women",
    "type": "skirt set",
    "stock": 20,
    "brand": "ElegantWear",
    "size": [
      "S",
      "M"
    ],
    "image": "https://images.pexels.com/photos/1631181/pexels-photo-1631181.jpeg",
    "rating": 5
  }
]
==================================================

[2026-08-13T14:36:20.672Z] - PRODUCT-UPDATE ==================
URL: POST https://app-testing-subscription.myshopify.com/admin/api/2025-01/graphql.json
INPUT: {
  "title": "Long sleeve Jacket",
  "descriptionHtml": "Lorem ipsum dolor sit amet, consectetur adipisicing elit. Nulla non magni facili blanditiis molestias soluta eveniet illum accusantium eius mollitia eligendi, ex iste doloribus magnam.",
  "vendor": "FashionTrend",
  "files": [
    {
      "contentType": "IMAGE",
      "originalSource": "https://images.pexels.com/photos/2584269/pexels-photo-2584269.jpeg"
    }
  ],
  "id": "gid://shopify/Product/15493362876787",
  "productOptions": [
    {
      "name": "Size",
      "values": [
        {
          "name": "S"
        },
        {
          "name": "M"
        },
        {
          "name": "L"
        }
      ]
    }
  ],
  "variants": [
    {
      "optionValues": [
        {
          "name": "S",
          "optionName": "Size"
        }
      ],
      "price": "150",
      "inventoryQuantities": [
        {
          "locationId": "gid://shopify/Location/108635062643",
          "name": "available",
          "quantity": 5
        },
        {
          "locationId": "gid://shopify/Location/107574395251",
          "name": "available",
          "quantity": 5
        },
        {
          "locationId": "gid://shopify/Location/107574362483",
          "name": "available",
          "quantity": 5
        }
      ]
    },
    {
      "optionValues": [
        {
          "name": "M",
          "optionName": "Size"
        }
      ],
      "price": "150",
      "inventoryQuantities": [
        {
          "locationId": "gid://shopify/Location/108635062643",
          "name": "available",
          "quantity": 5
        },
        {
          "locationId": "gid://shopify/Location/107574395251",
          "name": "available",
          "quantity": 5
        },
        {
          "locationId": "gid://shopify/Location/107574362483",
          "name": "available",
          "quantity": 5
        }
      ]
    },
    {
      "optionValues": [
        {
          "name": "L",
          "optionName": "Size"
        }
      ],
      "price": "150",
      "inventoryQuantities": [
        {
          "locationId": "gid://shopify/Location/108635062643",
          "name": "available",
          "quantity": 5
        },
        {
          "locationId": "gid://shopify/Location/107574395251",
          "name": "available",
          "quantity": 5
        },
        {
          "locationId": "gid://shopify/Location/107574362483",
          "name": "available",
          "quantity": 5
        }
      ]
    }
  ]
}
OUTPUT: {
  "productSet": {
    "product": {
      "id": "gid://shopify/Product/15493362876787"
    },
    "userErrors": []
  }
}
==================================================

[2026-08-13T14:36:22.211Z] - PRODUCT-CREATE ==================
URL: POST https://app-testing-subscription.myshopify.com/admin/api/2025-01/graphql.json
INPUT: {
  "title": "Jacket with wollen hat",
  "descriptionHtml": "Lorem ipsum dolor sit amet, consectetur adipisicing elit. Nulla non magni facili blanditiis molestias soluta eveniet illum accusantium eius mollitia eligendi, ex iste doloribus magnam.",
  "vendor": "CozyWear",
  "files": [
    {
      "contentType": "IMAGE",
      "originalSource": "https://images.pexels.com/photos/2681751/pexels-photo-2681751.jpeg"
    }
  ],
  "productOptions": [
    {
      "name": "Size",
      "values": [
        {
          "name": "M"
        },
        {
          "name": "L"
        },
        {
          "name": "XL"
        }
      ]
    }
  ],
  "variants": [
    {
      "optionValues": [
        {
          "name": "M",
          "optionName": "Size"
        }
      ],
      "price": "65",
      "inventoryQuantities": [
        {
          "locationId": "gid://shopify/Location/108635062643",
          "name": "available",
          "quantity": 3
        },
        {
          "locationId": "gid://shopify/Location/107574395251",
          "name": "available",
          "quantity": 3
        },
        {
          "locationId": "gid://shopify/Location/107574362483",
          "name": "available",
          "quantity": 3
        }
      ]
    },
    {
      "optionValues": [
        {
          "name": "L",
          "optionName": "Size"
        }
      ],
      "price": "65",
      "inventoryQuantities": [
        {
          "locationId": "gid://shopify/Location/108635062643",
          "name": "available",
          "quantity": 3
        },
        {
          "locationId": "gid://shopify/Location/107574395251",
          "name": "available",
          "quantity": 3
        },
        {
          "locationId": "gid://shopify/Location/107574362483",
          "name": "available",
          "quantity": 3
        }
      ]
    },
    {
      "optionValues": [
        {
          "name": "XL",
          "optionName": "Size"
        }
      ],
      "price": "65",
      "inventoryQuantities": [
        {
          "locationId": "gid://shopify/Location/108635062643",
          "name": "available",
          "quantity": 3
        },
        {
          "locationId": "gid://shopify/Location/107574395251",
          "name": "available",
          "quantity": 3
        },
        {
          "locationId": "gid://shopify/Location/107574362483",
          "name": "available",
          "quantity": 3
        }
      ]
    }
  ]
}
OUTPUT: {
  "productSet": {
    "product": {
      "id": "gid://shopify/Product/15493405999475"
    },
    "userErrors": []
  }
}
==================================================

[2026-08-13T14:36:23.951Z] - PRODUCT-CREATE ==================
URL: POST https://app-testing-subscription.myshopify.com/admin/api/2025-01/graphql.json
INPUT: {
  "title": "Compact fashion t-shirt",
  "descriptionHtml": "Lorem ipsumドル sit amet, consectetur adipisicing elit. Nulla non magni facili blanditiis molestias soluta eveniet illum accusantium eius mollitia eligendi, ex iste doloribus magnam.",
  "vendor": "TrendyTees",
  "files": [
    {
      "contentType": "IMAGE",
      "originalSource": "https://images.pexels.com/photos/2752045/pexels-photo-2752045.jpeg"
    }
  ],
  "productOptions": [
    {
      "name": "Size",
      "values": [
        {
          "name": "XS"
        },
        {
          "name": "S"
        },
        {
          "name": "M"
        },
        {
          "name": "L"
        }
      ]
    }
  ],
  "variants": [
    {
      "optionValues": [
        {
          "name": "XS",
          "optionName": "Size"
        }
      ],
      "price": "55.99",
      "inventoryQuantities": [
        {
          "locationId": "gid://shopify/Location/108635062643",
          "name": "available",
          "quantity": 8
        },
        {
          "locationId": "gid://shopify/Location/107574395251",
          "name": "available",
          "quantity": 8
        },
        {
          "locationId": "gid://shopify/Location/107574362483",
          "name": "available",
          "quantity": 8
        }
      ]
    },
    {
      "optionValues": [
        {
          "name": "S",
          "optionName": "Size"
        }
      ],
      "price": "55.99",
      "inventoryQuantities": [
        {
          "locationId": "gid://shopify/Location/108635062643",
          "name": "available",
          "quantity": 8
        },
        {
          "locationId": "gid://shopify/Location/107574395251",
          "name": "available",
          "quantity": 8
        },
        {
          "locationId": "gid://shopify/Location/107574362483",
          "name": "available",
          "quantity": 8
        }
      ]
    },
    {
      "optionValues": [
        {
          "name": "M",
          "optionName": "Size"
        }
      ],
      "price": "55.99",
      "inventoryQuantities": [
        {
          "locationId": "gid://shopify/Location/108635062643",
          "name": "available",
          "quantity": 8
        },
        {
          "locationId": "gid://shopify/Location/107574395251",
          "name": "available",
          "quantity": 8
        },
        {
          "locationId": "gid://shopify/Location/107574362483",
          "name": "available",
          "quantity": 8
        }
      ]
    },
    {
      "optionValues": [
        {
          "name": "L",
          "optionName": "Size"
        }
      ],
      "price": "55.99",
      "inventoryQuantities": [
        {
          "locationId": "gid://shopify/Location/108635062643",
          "name": "available",
          "quantity": 8
        },
        {
          "locationId": "gid://shopify/Location/107574395251",
          "name": "available",
          "quantity": 8
        },
        {
          "locationId": "gid://shopify/Location/107574362483",
          "name": "available",
          "quantity": 8
        }
      ]
    }
  ]
}
OUTPUT: {
  "productSet": {
    "product": {
      "id": "gid://shopify/Product/15493406032243"
    },
    "userErrors": []
  }
}
==================================================

[2026-08-13T14:36:25.663Z] - PRODUCT-CREATE ==================
URL: POST https://app-testing-subscription.myshopify.com/admin/api/2025-01/graphql.json
INPUT: {
  "title": "Blue jins",
  "descriptionHtml": "Lorem ipsum dolor sit amet, consectetur adipisicing elit. Nulla non magni facili blanditiis molestias soluta eveniet illum accusantium eius mollitia eligendi, ex iste doloribus magnam.",
  "vendor": "DenimCo",
  "files": [
    {
      "contentType": "IMAGE",
      "originalSource": "https://images.pexels.com/photos/1485031/pexels-photo-1485031.jpeg"
    }
  ],
  "productOptions": [
    {
      "name": "Size",
      "values": [
        {
          "name": "28"
        },
        {
          "name": "30"
        },
        {
          "name": "32"
        },
        {
          "name": "34"
        }
      ]
    }
  ],
  "variants": [
    {
      "optionValues": [
        {
          "name": "28",
          "optionName": "Size"
        }
      ],
      "price": "50",
      "inventoryQuantities": [
        {
          "locationId": "gid://shopify/Location/108635062643",
          "name": "available",
          "quantity": 6
        },
        {
          "locationId": "gid://shopify/Location/107574395251",
          "name": "available",
          "quantity": 6
        },
        {
          "locationId": "gid://shopify/Location/107574362483",
          "name": "available",
          "quantity": 6
        }
      ]
    },
    {
      "optionValues": [
        {
          "name": "30",
          "optionName": "Size"
        }
      ],
      "price": "50",
      "inventoryQuantities": [
        {
          "locationId": "gid://shopify/Location/108635062643",
          "name": "available",
          "quantity": 6
        },
        {
          "locationId": "gid://shopify/Location/107574395251",
          "name": "available",
          "quantity": 6
        },
        {
          "locationId": "gid://shopify/Location/107574362483",
          "name": "available",
          "quantity": 6
        }
      ]
    },
    {
      "optionValues": [
        {
          "name": "32",
          "optionName": "Size"
        }
      ],
      "price": "50",
      "inventoryQuantities": [
        {
          "locationId": "gid://shopify/Location/108635062643",
          "name": "available",
          "quantity": 6
        },
        {
          "locationId": "gid://shopify/Location/107574395251",
          "name": "available",
          "quantity": 6
        },
        {
          "locationId": "gid://shopify/Location/107574362483",
          "name": "available",
          "quantity": 6
        }
      ]
    },
    {
      "optionValues": [
        {
          "name": "34",
          "optionName": "Size"
        }
      ],
      "price": "50",
      "inventoryQuantities": [
        {
          "locationId": "gid://shopify/Location/108635062643",
          "name": "available",
          "quantity": 6
        },
        {
          "locationId": "gid://shopify/Location/107574395251",
          "name": "available",
          "quantity": 6
        },
        {
          "locationId": "gid://shopify/Location/107574362483",
          "name": "available",
          "quantity": 6
        }
      ]
    }
  ]
}
OUTPUT: {
  "productSet": {
    "product": {
      "id": "gid://shopify/Product/15493406065011"
    },
    "userErrors": []
  }
}
==================================================

[2026-08-13T14:36:27.138Z] - PRODUCT-CREATE ==================
URL: POST https://app-testing-subscription.myshopify.com/admin/api/2025-01/graphql.json
INPUT: {
  "title": "Skirts with full setup",
  "descriptionHtml": "Lorem ipsum dolor sit amet, consectetur adipisicing elit. Nulla non magni facili blanditiis molestias soluta eveniet illum accusantium eius mollitia eligendi, ex iste doloribus magnam.",
  "vendor": "ElegantWear",
  "files": [
    {
      "contentType": "IMAGE",
      "originalSource": "https://images.pexels.com/photos/1631181/pexels-photo-1631181.jpeg"
    }
  ],
  "productOptions": [
    {
      "name": "Size",
      "values": [
        {
          "name": "S"
        },
        {
          "name": "M"
        }
      ]
    }
  ],
  "variants": [
    {
      "optionValues": [
        {
          "name": "S",
          "optionName": "Size"
        }
      ],
      "price": "695",
      "inventoryQuantities": [
        {
          "locationId": "gid://shopify/Location/108635062643",
          "name": "available",
          "quantity": 3
        },
        {
          "locationId": "gid://shopify/Location/107574395251",
          "name": "available",
          "quantity": 3
        },
        {
          "locationId": "gid://shopify/Location/107574362483",
          "name": "available",
          "quantity": 3
        }
      ]
    },
    {
      "optionValues": [
        {
          "name": "M",
          "optionName": "Size"
        }
      ],
      "price": "695",
      "inventoryQuantities": [
        {
          "locationId": "gid://shopify/Location/108635062643",
          "name": "available",
          "quantity": 3
        },
        {
          "locationId": "gid://shopify/Location/107574395251",
          "name": "available",
          "quantity": 3
        },
        {
          "locationId": "gid://shopify/Location/107574362483",
          "name": "available",
          "quantity": 3
        }
      ]
    }
  ]
}
OUTPUT: {
  "productSet": {
    "product": {
      "id": "gid://shopify/Product/15493406097779"
    },
    "userErrors": []
  }
}
==================================================

[2026-08-13T14:38:46.623Z] - FETCH-PRODUCTS ==================
URL: GET https://fakestoreapi.noksha.dev/api/products
INPUT: null
OUTPUT: [
  {
    "_id": 1,
    "title": "Long sleeve Jacket",
    "isNew": true,
    "oldPrice": "200",
    "price": 150,
    "discountedPrice": 135,
    "description": "Lorem ipsum dolor sit amet, consectetur adipisicing elit. Nulla non magni facili blanditiis molestias soluta eveniet illum accusantium eius mollitia eligendi, ex iste doloribus magnam.",
    "category": "women",
    "type": "jacket",
    "stock": 50,
    "brand": "FashionTrend",
    "size": [
      "S",
      "M",
      "L"
    ],
    "image": "https://images.pexels.com/photos/2584269/pexels-photo-2584269.jpeg",
    "rating": 4
  },
  {
    "_id": 2,
    "title": "Jacket with wollen hat",
    "isNew": true,
    "oldPrice": "70",
    "price": 65,
    "discountedPrice": 58.5,
    "description": "Lorem ipsum dolor sit amet, consectetur adipisicing elit. Nulla non magni facili blanditiis molestias soluta eveniet illum accusantium eius mollitia eligendi, ex iste doloribus magnam.",
    "category": "women",
    "type": "jacket",
    "stock": 30,
    "brand": "CozyWear",
    "size": [
      "M",
      "L",
      "XL"
    ],
    "image": "https://images.pexels.com/photos/2681751/pexels-photo-2681751.jpeg",
    "rating": 3
  },
  {
    "_id": 3,
    "title": "Compact fashion t-shirt",
    "isNew": true,
    "oldPrice": "70",
    "price": 55.99,
    "discountedPrice": 50.39,
    "description": "Lorem ipsumドル sit amet, consectetur adipisicing elit. Nulla non magni facili blanditiis molestias soluta eveniet illum accusantium eius mollitia eligendi, ex iste doloribus magnam.",
    "category": "women",
    "type": "t-shirt",
    "stock": 100,
    "brand": "TrendyTees",
    "size": [
      "XS",
      "S",
      "M",
      "L"
    ],
    "image": "https://images.pexels.com/photos/2752045/pexels-photo-2752045.jpeg",
    "rating": 3
  },
  {
    "_id": 4,
    "title": "Blue jins",
    "isNew": true,
    "oldPrice": "70",
    "price": 50,
    "discountedPrice": 45,
    "description": "Lorem ipsum dolor sit amet, consectetur adipisicing elit. Nulla non magni facili blanditiis molestias soluta eveniet illum accusantium eius mollitia eligendi, ex iste doloribus magnam.",
    "category": "women",
    "type": "jeans",
    "stock": 75,
    "brand": "DenimCo",
    "size": [
      "28",
      "30",
      "32",
      "34"
    ],
    "image": "https://images.pexels.com/photos/1485031/pexels-photo-1485031.jpeg",
    "rating": 3
  },
  {
    "_id": 5,
    "title": "Skirts with full setup",
    "isNew": true,
    "oldPrice": "800",
    "price": 695,
    "discountedPrice": 625.5,
    "description": "Lorem ipsum dolor sit amet, consectetur adipisicing elit. Nulla non magni facili blanditiis molestias soluta eveniet illum accusantium eius mollitia eligendi, ex iste doloribus magnam.",
    "category": "women",
    "type": "skirt set",
    "stock": 20,
    "brand": "ElegantWear",
    "size": [
      "S",
      "M"
    ],
    "image": "https://images.pexels.com/photos/1631181/pexels-photo-1631181.jpeg",
    "rating": 5
  }
]
==================================================

[2026-08-13T14:38:48.742Z] - PRODUCT-CREATE ==================
URL: POST https://app-testing-subscription.myshopify.com/admin/api/2025-01/graphql.json
INPUT: {
  "title": "Long sleeve Jacket",
  "descriptionHtml": "Lorem ipsum dolor sit amet, consectetur adipisicing elit. Nulla non magni facili blanditiis molestias soluta eveniet illum accusantium eius mollitia eligendi, ex iste doloribus magnam.",
  "vendor": "FashionTrend",
  "files": [
    {
      "contentType": "IMAGE",
      "originalSource": "https://images.pexels.com/photos/2584269/pexels-photo-2584269.jpeg"
    }
  ],
  "productOptions": [
    {
      "name": "Size",
      "values": [
        {
          "name": "S"
        },
        {
          "name": "M"
        },
        {
          "name": "L"
        }
      ]
    }
  ],
  "variants": [
    {
      "sku": "PROD-1-S",
      "optionValues": [
        {
          "name": "S",
          "optionName": "Size"
        }
      ],
      "price": "150",
      "inventoryQuantities": [
        {
          "locationId": "gid://shopify/Location/108635062643",
          "name": "available",
          "quantity": 5
        },
        {
          "locationId": "gid://shopify/Location/107574395251",
          "name": "available",
          "quantity": 5
        },
        {
          "locationId": "gid://shopify/Location/107574362483",
          "name": "available",
          "quantity": 5
        }
      ]
    },
    {
      "sku": "PROD-1-M",
      "optionValues": [
        {
          "name": "M",
          "optionName": "Size"
        }
      ],
      "price": "150",
      "inventoryQuantities": [
        {
          "locationId": "gid://shopify/Location/108635062643",
          "name": "available",
          "quantity": 5
        },
        {
          "locationId": "gid://shopify/Location/107574395251",
          "name": "available",
          "quantity": 5
        },
        {
          "locationId": "gid://shopify/Location/107574362483",
          "name": "available",
          "quantity": 5
        }
      ]
    },
    {
      "sku": "PROD-1-L",
      "optionValues": [
        {
          "name": "L",
          "optionName": "Size"
        }
      ],
      "price": "150",
      "inventoryQuantities": [
        {
          "locationId": "gid://shopify/Location/108635062643",
          "name": "available",
          "quantity": 5
        },
        {
          "locationId": "gid://shopify/Location/107574395251",
          "name": "available",
          "quantity": 5
        },
        {
          "locationId": "gid://shopify/Location/107574362483",
          "name": "available",
          "quantity": 5
        }
      ]
    }
  ]
}
OUTPUT: {
  "productSet": {
    "product": {
      "id": "gid://shopify/Product/15493409538419"
    },
    "userErrors": []
  }
}
==================================================

[2026-08-13T14:38:50.279Z] - PRODUCT-CREATE ==================
URL: POST https://app-testing-subscription.myshopify.com/admin/api/2025-01/graphql.json
INPUT: {
  "title": "Jacket with wollen hat",
  "descriptionHtml": "Lorem ipsum dolor sit amet, consectetur adipisicing elit. Nulla non magni facili blanditiis molestias soluta eveniet illum accusantium eius mollitia eligendi, ex iste doloribus magnam.",
  "vendor": "CozyWear",
  "files": [
    {
      "contentType": "IMAGE",
      "originalSource": "https://images.pexels.com/photos/2681751/pexels-photo-2681751.jpeg"
    }
  ],
  "productOptions": [
    {
      "name": "Size",
      "values": [
        {
          "name": "M"
        },
        {
          "name": "L"
        },
        {
          "name": "XL"
        }
      ]
    }
  ],
  "variants": [
    {
      "sku": "PROD-2-M",
      "optionValues": [
        {
          "name": "M",
          "optionName": "Size"
        }
      ],
      "price": "65",
      "inventoryQuantities": [
        {
          "locationId": "gid://shopify/Location/108635062643",
          "name": "available",
          "quantity": 3
        },
        {
          "locationId": "gid://shopify/Location/107574395251",
          "name": "available",
          "quantity": 3
        },
        {
          "locationId": "gid://shopify/Location/107574362483",
          "name": "available",
          "quantity": 3
        }
      ]
    },
    {
      "sku": "PROD-2-L",
      "optionValues": [
        {
          "name": "L",
          "optionName": "Size"
        }
      ],
      "price": "65",
      "inventoryQuantities": [
        {
          "locationId": "gid://shopify/Location/108635062643",
          "name": "available",
          "quantity": 3
        },
        {
          "locationId": "gid://shopify/Location/107574395251",
          "name": "available",
          "quantity": 3
        },
        {
          "locationId": "gid://shopify/Location/107574362483",
          "name": "available",
          "quantity": 3
        }
      ]
    },
    {
      "sku": "PROD-2-XL",
      "optionValues": [
        {
          "name": "XL",
          "optionName": "Size"
        }
      ],
      "price": "65",
      "inventoryQuantities": [
        {
          "locationId": "gid://shopify/Location/108635062643",
          "name": "available",
          "quantity": 3
        },
        {
          "locationId": "gid://shopify/Location/107574395251",
          "name": "available",
          "quantity": 3
        },
        {
          "locationId": "gid://shopify/Location/107574362483",
          "name": "available",
          "quantity": 3
        }
      ]
    }
  ]
}
OUTPUT: {
  "productSet": {
    "product": {
      "id": "gid://shopify/Product/15493410259315"
    },
    "userErrors": []
  }
}
==================================================

[2026-08-13T14:38:51.668Z] - PRODUCT-CREATE ==================
URL: POST https://app-testing-subscription.myshopify.com/admin/api/2025-01/graphql.json
INPUT: {
  "title": "Compact fashion t-shirt",
  "descriptionHtml": "Lorem ipsumドル sit amet, consectetur adipisicing elit. Nulla non magni facili blanditiis molestias soluta eveniet illum accusantium eius mollitia eligendi, ex iste doloribus magnam.",
  "vendor": "TrendyTees",
  "files": [
    {
      "contentType": "IMAGE",
      "originalSource": "https://images.pexels.com/photos/2752045/pexels-photo-2752045.jpeg"
    }
  ],
  "productOptions": [
    {
      "name": "Size",
      "values": [
        {
          "name": "XS"
        },
        {
          "name": "S"
        },
        {
          "name": "M"
        },
        {
          "name": "L"
        }
      ]
    }
  ],
  "variants": [
    {
      "sku": "PROD-3-XS",
      "optionValues": [
        {
          "name": "XS",
          "optionName": "Size"
        }
      ],
      "price": "55.99",
      "inventoryQuantities": [
        {
          "locationId": "gid://shopify/Location/108635062643",
          "name": "available",
          "quantity": 8
        },
        {
          "locationId": "gid://shopify/Location/107574395251",
          "name": "available",
          "quantity": 8
        },
        {
          "locationId": "gid://shopify/Location/107574362483",
          "name": "available",
          "quantity": 8
        }
      ]
    },
    {
      "sku": "PROD-3-S",
      "optionValues": [
        {
          "name": "S",
          "optionName": "Size"
        }
      ],
      "price": "55.99",
      "inventoryQuantities": [
        {
          "locationId": "gid://shopify/Location/108635062643",
          "name": "available",
          "quantity": 8
        },
        {
          "locationId": "gid://shopify/Location/107574395251",
          "name": "available",
          "quantity": 8
        },
        {
          "locationId": "gid://shopify/Location/107574362483",
          "name": "available",
          "quantity": 8
        }
      ]
    },
    {
      "sku": "PROD-3-M",
      "optionValues": [
        {
          "name": "M",
          "optionName": "Size"
        }
      ],
      "price": "55.99",
      "inventoryQuantities": [
        {
          "locationId": "gid://shopify/Location/108635062643",
          "name": "available",
          "quantity": 8
        },
        {
          "locationId": "gid://shopify/Location/107574395251",
          "name": "available",
          "quantity": 8
        },
        {
          "locationId": "gid://shopify/Location/107574362483",
          "name": "available",
          "quantity": 8
        }
      ]
    },
    {
      "sku": "PROD-3-L",
      "optionValues": [
        {
          "name": "L",
          "optionName": "Size"
        }
      ],
      "price": "55.99",
      "inventoryQuantities": [
        {
          "locationId": "gid://shopify/Location/108635062643",
          "name": "available",
          "quantity": 8
        },
        {
          "locationId": "gid://shopify/Location/107574395251",
          "name": "available",
          "quantity": 8
        },
        {
          "locationId": "gid://shopify/Location/107574362483",
          "name": "available",
          "quantity": 8
        }
      ]
    }
  ]
}
OUTPUT: {
  "productSet": {
    "product": {
      "id": "gid://shopify/Product/15493410357619"
    },
    "userErrors": []
  }
}
==================================================

[2026-08-13T14:38:53.283Z] - PRODUCT-CREATE ==================
URL: POST https://app-testing-subscription.myshopify.com/admin/api/2025-01/graphql.json
INPUT: {
  "title": "Blue jins",
  "descriptionHtml": "Lorem ipsum dolor sit amet, consectetur adipisicing elit. Nulla non magni facili blanditiis molestias soluta eveniet illum accusantium eius mollitia eligendi, ex iste doloribus magnam.",
  "vendor": "DenimCo",
  "files": [
    {
      "contentType": "IMAGE",
      "originalSource": "https://images.pexels.com/photos/1485031/pexels-photo-1485031.jpeg"
    }
  ],
  "productOptions": [
    {
      "name": "Size",
      "values": [
        {
          "name": "28"
        },
        {
          "name": "30"
        },
        {
          "name": "32"
        },
        {
          "name": "34"
        }
      ]
    }
  ],
  "variants": [
    {
      "sku": "PROD-4-28",
      "optionValues": [
        {
          "name": "28",
          "optionName": "Size"
        }
      ],
      "price": "50",
      "inventoryQuantities": [
        {
          "locationId": "gid://shopify/Location/108635062643",
          "name": "available",
          "quantity": 6
        },
        {
          "locationId": "gid://shopify/Location/107574395251",
          "name": "available",
          "quantity": 6
        },
        {
          "locationId": "gid://shopify/Location/107574362483",
          "name": "available",
          "quantity": 6
        }
      ]
    },
    {
      "sku": "PROD-4-30",
      "optionValues": [
        {
          "name": "30",
          "optionName": "Size"
        }
      ],
      "price": "50",
      "inventoryQuantities": [
        {
          "locationId": "gid://shopify/Location/108635062643",
          "name": "available",
          "quantity": 6
        },
        {
          "locationId": "gid://shopify/Location/107574395251",
          "name": "available",
          "quantity": 6
        },
        {
          "locationId": "gid://shopify/Location/107574362483",
          "name": "available",
          "quantity": 6
        }
      ]
    },
    {
      "sku": "PROD-4-32",
      "optionValues": [
        {
          "name": "32",
          "optionName": "Size"
        }
      ],
      "price": "50",
      "inventoryQuantities": [
        {
          "locationId": "gid://shopify/Location/108635062643",
          "name": "available",
          "quantity": 6
        },
        {
          "locationId": "gid://shopify/Location/107574395251",
          "name": "available",
          "quantity": 6
        },
        {
          "locationId": "gid://shopify/Location/107574362483",
          "name": "available",
          "quantity": 6
        }
      ]
    },
    {
      "sku": "PROD-4-34",
      "optionValues": [
        {
          "name": "34",
          "optionName": "Size"
        }
      ],
      "price": "50",
      "inventoryQuantities": [
        {
          "locationId": "gid://shopify/Location/108635062643",
          "name": "available",
          "quantity": 6
        },
        {
          "locationId": "gid://shopify/Location/107574395251",
          "name": "available",
          "quantity": 6
        },
        {
          "locationId": "gid://shopify/Location/107574362483",
          "name": "available",
          "quantity": 6
        }
      ]
    }
  ]
}
OUTPUT: {
  "productSet": {
    "product": {
      "id": "gid://shopify/Product/15493410488691"
    },
    "userErrors": []
  }
}
==================================================

[2026-08-13T14:38:54.744Z] - PRODUCT-CREATE ==================
URL: POST https://app-testing-subscription.myshopify.com/admin/api/2025-01/graphql.json
INPUT: {
  "title": "Skirts with full setup",
  "descriptionHtml": "Lorem ipsum dolor sit amet, consectetur adipisicing elit. Nulla non magni facili blanditiis molestias soluta eveniet illum accusantium eius mollitia eligendi, ex iste doloribus magnam.",
  "vendor": "ElegantWear",
  "files": [
    {
      "contentType": "IMAGE",
      "originalSource": "https://images.pexels.com/photos/1631181/pexels-photo-1631181.jpeg"
    }
  ],
  "productOptions": [
    {
      "name": "Size",
      "values": [
        {
          "name": "S"
        },
        {
          "name": "M"
        }
      ]
    }
  ],
  "variants": [
    {
      "sku": "PROD-5-S",
      "optionValues": [
        {
          "name": "S",
          "optionName": "Size"
        }
      ],
      "price": "695",
      "inventoryQuantities": [
        {
          "locationId": "gid://shopify/Location/108635062643",
          "name": "available",
          "quantity": 3
        },
        {
          "locationId": "gid://shopify/Location/107574395251",
          "name": "available",
          "quantity": 3
        },
        {
          "locationId": "gid://shopify/Location/107574362483",
          "name": "available",
          "quantity": 3
        }
      ]
    },
    {
      "sku": "PROD-5-M",
      "optionValues": [
        {
          "name": "M",
          "optionName": "Size"
        }
      ],
      "price": "695",
      "inventoryQuantities": [
        {
          "locationId": "gid://shopify/Location/108635062643",
          "name": "available",
          "quantity": 3
        },
        {
          "locationId": "gid://shopify/Location/107574395251",
          "name": "available",
          "quantity": 3
        },
        {
          "locationId": "gid://shopify/Location/107574362483",
          "name": "available",
          "quantity": 3
        }
      ]
    }
  ]
}
OUTPUT: {
  "productSet": {
    "product": {
      "id": "gid://shopify/Product/15493410586995"
    },
    "userErrors": []
  }
}
==================================================
